../Core/Src/main_1.c:17:5:main	8	static
../Core/Src/main_1.c:49:6:UART2_Init	8	static
../Core/Src/main_1.c:65:6:CAN_Init	8	static
../Core/Src/main_1.c:96:6:CAN_Tx	48	static
../Core/Src/main_1.c:114:6:CAN_Filter_Config	48	static
../Core/Src/main_1.c:134:6:SystemClockConfig	96	static
../Core/Src/main_1.c:226:6:HAL_CAN_TxMailbox0CompleteCallback	16	static
../Core/Src/main_1.c:231:6:HAL_CAN_TxMailbox1CompleteCallback	16	static
../Core/Src/main_1.c:235:6:HAL_CAN_TxMailbox2CompleteCallback	16	static
../Core/Src/main_1.c:239:6:HAL_CAN_RxFifo0MsgPendingCallback	56	static
../Core/Src/main_1.c:294:6:speed	32	static
../Core/Src/main_1.c:305:6:send_msg	16	static
../Core/Src/main_1.c:313:6:HAL_CAN_ErrorCallback	16	static
../Core/Src/main_1.c:319:6:error_handler	8	static
