../Core/Src/main_1.c:15:5:main	40	static
../Core/Src/main_1.c:50:6:UART2_Init	8	static
../Core/Src/main_1.c:66:6:CAN_Init	8	static
../Core/Src/main_1.c:90:6:CAN_Tx	48	static
../Core/Src/main_1.c:108:6:CAN_Rx	104	static
../Core/Src/main_1.c:145:6:CAN_Filter_Config	48	static
../Core/Src/main_1.c:165:6:SystemClockConfig	96	static
../Core/Src/main_1.c:257:6:HAL_CAN_TxMailbox0CompleteCallback	56	static
../Core/Src/main_1.c:264:6:HAL_CAN_TxMailbox1CompleteCallback	56	static
../Core/Src/main_1.c:270:6:HAL_CAN_TxMailbox2CompleteCallback	56	static
../Core/Src/main_1.c:276:6:HAL_CAN_RxFifo0MsgPendingCallback	160	static
../Core/Src/main_1.c:313:6:HAL_CAN_ErrorCallback	40	static
../Core/Src/main_1.c:321:6:error_handler	48	static
