../Core/Src/main_1.c:15:5:main	8	static
../Core/Src/main_1.c:39:6:Print_num	32	static
../Core/Src/main_1.c:59:6:UART_init	8	static
../Core/Src/main_1.c:75:6:I2C_Init	8	static
../Core/Src/main_1.c:95:6:SystemClockConfig	96	static
../Core/Src/main_1.c:186:6:LCD_Init	8	static
../Core/Src/main_1.c:206:6:LCD_Command	16	static
../Core/Src/main_1.c:210:6:LCD_Data	16	static
../Core/Src/main_1.c:216:6:LCD_Send	24	static
../Core/Src/main_1.c:251:6:LCD_Print	16	static
../Core/Src/main_1.c:258:6:LCD_SetCursor	24	static
../Core/Src/main_1.c:264:6:HAL_I2C_MasterTxCpltCallback	16	static
../Core/Src/main_1.c:272:6:HAL_I2C_ErrorCallback	16	static
../Core/Src/main_1.c:280:6:send_msg	16	static
../Core/Src/main_1.c:289:6:error_handler	8	static
../Core/Src/main_1.c:295:6:LCD_Clear	16	static
