13:23:16 **** Build of configuration Debug for project CAN_Data_Reading ****
make -j8 all 
arm-none-eabi-size  CAN_Data_Reading.elf 
   text	   data	    bss	    dec	    hex	filename
  16016	     92	   2012	  18120	   46c8	CAN_Data_Reading.elf
Finished building: default.size.stdout
 
13:38:26 **** Incremental Build of configuration Debug for project CAN_Data_Reading ****
make -j8 all 
arm-none-eabi-size  CAN_Data_Reading.elf 
   text	   data	    bss	    dec	    hex	filename
  16016	     92	   2012	  18120	   46c8	CAN_Data_Reading.elf
Finished building: default.size.stdout
 
